// Jest Snapshot v1, https://goo.gl/fbAQLP

exports[`style rendering renders corrects 1`] = `
<Row
  alignContent="flex-start"
  alignItems="flex-start"
  display="flex"
  elementType="div"
  flexDirection="row"
  flexWrap="wrap"
  justifyContent="flex-start"
>
  <Component
    alignContent="flex-start"
    alignItems="flex-start"
    className="sc-bdVaJa jjShM"
    display="flex"
    elementType="div"
    flexDirection="row"
    flexWrap="wrap"
    justifyContent="flex-start"
  >
    <div
      className="sc-bdVaJa jjShM"
    />
  </Component>
</Row>
`;
