// Jest Snapshot v1, https://goo.gl/fbAQLP

exports[`style rendering renders corrects 1`] = `
<Col
  alignSelf="auto"
  elementType="div"
  order={0}
>
  <Component
    alignSelf="auto"
    className="sc-bdVaJa jURNTC"
    elementType="div"
    order={0}
  >
    <div
      className="sc-bdVaJa jURNTC"
    />
  </Component>
</Col>
`;
