// Jest Snapshot v1, https://goo.gl/fbAQLP

exports[`style rendering renders corrects 1`] = `
<Col
  alignSelf="auto"
  autoGrow={false}
  elementType="div"
  flex={false}
  order={0}
>
  <Component
    alignSelf="auto"
    autoGrow={false}
    className="sc-bdVaJa jURNTC"
    elementType="div"
    flex={false}
    order={0}
  >
    <div
      className="sc-bdVaJa jURNTC"
    />
  </Component>
</Col>
`;
